// Jest Snapshot v1, https://goo.gl/fbAQLP

exports[`App Should render without exploding 1`] = `
<div
  className="app"
>
  <h1
    className="header"
  >
    Tic Tac Toe
  </h1>
  <Connect(Component) />
  <Connect(Component) />
</div>
`;
